******************************************************************************
                  TI ARM Linker PC v20.2.6                     
******************************************************************************
>> Linked Sat Nov  5 16:28:41 2022

OUTPUT FILE NAME:   <A_HelloWorld.out>
ENTRY POINT SYMBOL: "_c_int00_noinit_noargs"  address: 0000056d


MEMORY CONFIGURATION

         name            origin    length      used     unused   attr    fill
----------------------  --------  ---------  --------  --------  ----  --------
  FLASH                 00000000   00040000  00000610  0003f9f0  R  X
  SRAM                  20000000   00008000  00000200  00007e00  RW X


SEGMENT ALLOCATION MAP

run origin  load origin   length   init length attrs members
----------  ----------- ---------- ----------- ----- -------
00000000    00000000    00000610   00000610    r-x
  00000000    00000000    0000026c   0000026c    r-- .intvecs
  0000026c    0000026c    000003a4   000003a4    r-x .text
20000000    20000000    00000200   00000000    rw-
  20000000    20000000    00000200   00000000    rw- .stack


SECTION ALLOCATION MAP

 output                                  attributes/
section   page    origin      length       input sections
--------  ----  ----------  ----------   ----------------
.intvecs   0    00000000    0000026c     
                  00000000    0000026c     startup_ccs.obj (.intvecs)

.text      0    0000026c    000003a4     
                  0000026c    00000132     driverlib.lib : gpio.obj (.text:GPIOPadConfigSet)
                  0000039e    00000002     startup_ccs.obj (.text:FaultISR)
                  000003a0    000000f4     driverlib.lib : sysctl.obj (.text:SysCtlClockSet)
                  00000494    000000a4     blinky.obj (.text:main)
                  00000538    00000034     driverlib.lib : sysctl.obj (.text:SysCtlPeripheralEnable)
                  0000056c    0000002c     rtsv7M4_T_le_v4SPD16_eabi.lib : boot_cortex_m.c.obj (.text:_c_int00_noinit_noargs:_c_int00_noinit_noargs)
                  00000598    0000002a     driverlib.lib : gpio.obj (.text:GPIODirModeSet)
                  000005c2    00000018                   : gpio.obj (.text:GPIOPinTypeGPIOOutput)
                  000005da    00000012                   : gpio.obj (.text:GPIOPinTypeGPIOInput)
                  000005ec    00000006                   : gpio.obj (.text:GPIOPinRead)
                  000005f2    00000006                   : gpio.obj (.text:GPIOPinWrite)
                  000005f8    00000006     startup_ccs.obj (.text:ResetISR)
                  000005fe    00000006     driverlib.lib : sysctl.obj (.text:SysCtlDelay)
                  00000604    00000004     rtsv7M4_T_le_v4SPD16_eabi.lib : pre_init.c.obj (.text:_system_pre_init)
                  00000608    00000004                                   : exit.c.obj (.text:abort:abort)
                  0000060c    00000002     startup_ccs.obj (.text:IntDefaultHandler)
                  0000060e    00000002     startup_ccs.obj (.text:NmiSR)

.cinit     0    00000000    00000000     UNINITIALIZED

.init_array 
*          0    00000000    00000000     UNINITIALIZED

.stack     0    20000000    00000200     UNINITIALIZED
                  20000000    00000004     rtsv7M4_T_le_v4SPD16_eabi.lib : boot_cortex_m.c.obj (.stack)
                  20000004    000001fc     --HOLE--

__llvm_prf_cnts 
*          0    20000000    00000000     UNINITIALIZED

MODULE SUMMARY

       Module                code   ro data   rw data
       ------                ----   -------   -------
    .\
       startup_ccs.obj       12     620       0      
       blinky.obj            164    0         0      
    +--+---------------------+------+---------+---------+
       Total:                176    620       0      
                                                     
    C:/ti/tivaware_c_series_2_1_4_178/driverlib/ccs/Debug/driverlib.lib
       gpio.obj              402    0         0      
       sysctl.obj            302    0         0      
    +--+---------------------+------+---------+---------+
       Total:                704    0         0      
                                                     
    C:\ti\ccs1200\ccs\tools\compiler\ti-cgt-arm_20.2.6.LTS\lib\rtsv7M4_T_le_v4SPD16_eabi.lib
       boot_cortex_m.c.obj   44     0         0      
       exit.c.obj            4      0         0      
       pre_init.c.obj        4      0         0      
    +--+---------------------+------+---------+---------+
       Total:                52     0         0      
                                                     
       Stack:                0      0         512    
    +--+---------------------+------+---------+---------+
       Grand Total:          932    620       512    


GLOBAL SYMBOLS: SORTED ALPHABETICALLY BY Name 

address   name                   
-------   ----                   
00000609  C$$EXIT                
00000599  GPIODirModeSet         
0000026d  GPIOPadConfigSet       
000005ed  GPIOPinRead            
000005db  GPIOPinTypeGPIOInput   
000005c3  GPIOPinTypeGPIOOutput  
000005f3  GPIOPinWrite           
000005f9  ResetISR               
000003a1  SysCtlClockSet         
000005ff  SysCtlDelay            
00000539  SysCtlPeripheralEnable 
20000200  __STACK_END            
00000200  __STACK_SIZE           
20000200  __STACK_TOP            
ffffffff  __TI_pprof_out_hndl    
ffffffff  __TI_prof_data_size    
ffffffff  __TI_prof_data_start   
00000000  __TI_static_base__     
ffffffff  __binit__              
ffffffff  __c_args__             
UNDEFED   __mpu_init             
20000000  __stack                
20000000  __start___llvm_prf_cnts
20000000  __stop___llvm_prf_cnts 
0000056d  _c_int00_noinit_noargs 
00000605  _system_pre_init       
00000609  abort                  
ffffffff  binit                  
00000000  g_pfnVectors           
00000495  main                   


GLOBAL SYMBOLS: SORTED BY Symbol Address 

address   name                   
-------   ----                   
00000000  __TI_static_base__     
00000000  g_pfnVectors           
00000200  __STACK_SIZE           
0000026d  GPIOPadConfigSet       
000003a1  SysCtlClockSet         
00000495  main                   
00000539  SysCtlPeripheralEnable 
0000056d  _c_int00_noinit_noargs 
00000599  GPIODirModeSet         
000005c3  GPIOPinTypeGPIOOutput  
000005db  GPIOPinTypeGPIOInput   
000005ed  GPIOPinRead            
000005f3  GPIOPinWrite           
000005f9  ResetISR               
000005ff  SysCtlDelay            
00000605  _system_pre_init       
00000609  C$$EXIT                
00000609  abort                  
20000000  __stack                
20000000  __start___llvm_prf_cnts
20000000  __stop___llvm_prf_cnts 
20000200  __STACK_END            
20000200  __STACK_TOP            
ffffffff  __TI_pprof_out_hndl    
ffffffff  __TI_prof_data_size    
ffffffff  __TI_prof_data_start   
ffffffff  __binit__              
ffffffff  __c_args__             
ffffffff  binit                  
UNDEFED   __mpu_init             

[30 symbols]
